   тЦ▓ Next.js 15.5.14
   - Environments: .env.local

   Creating an optimized production build ...
